// Jest Snapshot v1, https://goo.gl/fbAQLP

exports[`Snapshot: renders as expected 1`] = `
<div
  style={
    Object {
      "marginTop": 24,
    }
  }
>
  <button
    disabled={false}
    onClick={[Function]}
  >
    Count the words.
  </button>
</div>
`;
